
Allocating common symbols
Common symbol       size              file

lcd_data            0x10              ..\obj\lc798x.o
transferMCfg        0x2c              ..\obj\main.o
Temperatur          0x2               ..\obj\main.o
Master_Buf          0x2               ..\obj\main.o
FULLCAN_ENABLE      0x1               ..\obj\lpc17xx_can.o
TXMsg               0x10              ..\obj\main.o

Discarded input sections

 .text          0x00000000        0x0 ..\obj\lpc17xx_can.o
 .data          0x00000000        0x0 ..\obj\lpc17xx_can.o
 .bss           0x00000000        0xa ..\obj\lpc17xx_can.o
 .text.CAN_DeInit
                0x00000000       0x50 ..\obj\lpc17xx_can.o
 .text.CAN_SetupAFLUT
                0x00000000      0x870 ..\obj\lpc17xx_can.o
 .text.CAN_LoadExplicitEntry
                0x00000000      0x4c4 ..\obj\lpc17xx_can.o
 .text.CAN_LoadFullCANEntry
                0x00000000      0x470 ..\obj\lpc17xx_can.o
 .text.CAN_LoadGroupEntry
                0x00000000      0x464 ..\obj\lpc17xx_can.o
 .text.CAN_RemoveEntry
                0x00000000      0x678 ..\obj\lpc17xx_can.o
 .text.CAN_ReceiveMsg
                0x00000000       0xf8 ..\obj\lpc17xx_can.o
 .text.FCAN_ReadObj
                0x00000000      0x18c ..\obj\lpc17xx_can.o
 .text.CAN_GetCTRLStatus
                0x00000000       0x80 ..\obj\lpc17xx_can.o
 .text.CAN_GetCRStatus
                0x00000000       0x68 ..\obj\lpc17xx_can.o
 .text.CAN_SetCommand
                0x00000000       0x44 ..\obj\lpc17xx_can.o
 .text.CAN_IntGetStatus
                0x00000000       0x3c ..\obj\lpc17xx_can.o
 .text.CAN_FullCANIntGetStatus
                0x00000000       0x38 ..\obj\lpc17xx_can.o
 .text.CAN_FullCANPendGetStatus
                0x00000000       0x54 ..\obj\lpc17xx_can.o
 COMMON         0x00000000        0x1 ..\obj\lpc17xx_can.o
 .text          0x00000000        0x0 ..\obj\lpc17xx_clkpwr.o
 .data          0x00000000        0x0 ..\obj\lpc17xx_clkpwr.o
 .bss           0x00000000        0x0 ..\obj\lpc17xx_clkpwr.o
 .text.CLKPWR_Sleep
                0x00000000       0x1c ..\obj\lpc17xx_clkpwr.o
 .text.CLKPWR_DeepSleep
                0x00000000       0x24 ..\obj\lpc17xx_clkpwr.o
 .text.CLKPWR_PowerDown
                0x00000000       0x24 ..\obj\lpc17xx_clkpwr.o
 .text.CLKPWR_DeepPowerDown
                0x00000000       0x24 ..\obj\lpc17xx_clkpwr.o
 .text          0x00000000        0x0 ..\obj\system_LPC17xx.o
 .bss           0x00000000        0x0 ..\obj\system_LPC17xx.o
 .text.SystemCoreClockUpdate
                0x00000000      0x164 ..\obj\system_LPC17xx.o
 .text          0x00000000        0x0 ..\obj\main.o
 .data          0x00000000        0x0 ..\obj\main.o
 .bss           0x00000000        0x0 ..\obj\main.o
 .text          0x00000000        0x0 ..\obj\printf.o
 .bss           0x00000000        0x0 ..\obj\printf.o
 .text.snprintf
                0x00000000       0x30 ..\obj\printf.o
 .text.fprintf  0x00000000       0x2c ..\obj\printf.o
 .text.sprintf  0x00000000       0x2c ..\obj\printf.o
 .text.puts     0x00000000       0x24 ..\obj\printf.o
 .text          0x00000000        0x0 ..\obj\startup_LPC17xx.o
 .data          0x00000000        0x0 ..\obj\startup_LPC17xx.o
 .bss           0x00000000        0x0 ..\obj\startup_LPC17xx.o
 .text          0x00000000        0x0 ..\obj\lpc17xx_libcfg_default.o
 .data          0x00000000        0x0 ..\obj\lpc17xx_libcfg_default.o
 .bss           0x00000000        0x0 ..\obj\lpc17xx_libcfg_default.o
 .text          0x00000000        0x0 ..\obj\lpc17xx_pinsel.o
 .data          0x00000000        0x0 ..\obj\lpc17xx_pinsel.o
 .bss           0x00000000        0x0 ..\obj\lpc17xx_pinsel.o
 .text.PINSEL_ConfigTraceFunc
                0x00000000       0x40 ..\obj\lpc17xx_pinsel.o
 .text.PINSEL_SetI2C0Pins
                0x00000000       0x38 ..\obj\lpc17xx_pinsel.o
 .text          0x00000000        0x0 ..\obj\lpc17xx_i2c.o
 .data          0x00000000        0x0 ..\obj\lpc17xx_i2c.o
 .text.I2C_DeInit
                0x00000000       0x80 ..\obj\lpc17xx_i2c.o
 .text.I2C_MasterHandler
                0x00000000      0x384 ..\obj\lpc17xx_i2c.o
 .text.I2C_SlaveHandler
                0x00000000      0x1a8 ..\obj\lpc17xx_i2c.o
 .text.I2C_SlaveTransferData
                0x00000000      0x1f0 ..\obj\lpc17xx_i2c.o
 .text.I2C_SetOwnSlaveAddr
                0x00000000       0xfc ..\obj\lpc17xx_i2c.o
 .text.I2C_MonitorModeConfig
                0x00000000       0x84 ..\obj\lpc17xx_i2c.o
 .text.I2C_MonitorModeCmd
                0x00000000       0x98 ..\obj\lpc17xx_i2c.o
 .text.I2C_MonitorGetDatabuffer
                0x00000000       0x48 ..\obj\lpc17xx_i2c.o
 .text.I2C_MonitorHandler
                0x00000000       0x50 ..\obj\lpc17xx_i2c.o
 .text.I2C_MasterTransferComplete
                0x00000000       0x34 ..\obj\lpc17xx_i2c.o
 .text.I2C_SlaveTransferComplete
                0x00000000       0x34 ..\obj\lpc17xx_i2c.o
 .text          0x00000000        0x0 ..\obj\lc798x.o
 .data          0x00000000        0x0 ..\obj\lc798x.o
 .bss           0x00000000        0x0 ..\obj\lc798x.o
 .text.RD_P1_01489_10_14_15
                0x00000000      0x100 ..\obj\lc798x.o
 .text.lcd_read
                0x00000000       0xac ..\obj\lc798x.o
 .text.lcd_write_pixel
                0x00000000       0x80 ..\obj\lc798x.o
 .text.lcd_line
                0x00000000       0xd0 ..\obj\lc798x.o
 .text.lcd_ellipse
                0x00000000      0x18c ..\obj\lc798x.o

Memory Configuration

Name             Origin             Length             Attributes
rom              0x00000000         0x00080000         xr
ram              0x10000000         0x00008000         xrw
ram1             0x2007c000         0x00008000         xrw
*default*        0x00000000         0xffffffff

Linker script and memory map

                0x10008000                _eram = 0x10008000

.text           0x00000000     0x27a8
 *(.isr_vector)
 .isr_vector    0x00000000       0xcc ..\obj\startup_LPC17xx.o
                0x00000000                g_pfnVectors
 *(.text*)
 .text.can_SetBaudrate
                0x000000cc       0xec ..\obj\lpc17xx_can.o
 .text.CAN_Init
                0x000001b8       0xe4 ..\obj\lpc17xx_can.o
                0x000001b8                CAN_Init
 .text.CAN_SendMsg
                0x0000029c      0x18c ..\obj\lpc17xx_can.o
                0x0000029c                CAN_SendMsg
 .text.CAN_IRQCmd
                0x00000428      0x10c ..\obj\lpc17xx_can.o
                0x00000428                CAN_IRQCmd
 .text.CAN_SetAFMode
                0x00000534       0x8c ..\obj\lpc17xx_can.o
                0x00000534                CAN_SetAFMode
 .text.CAN_ModeConfig
                0x000005c0      0x1e0 ..\obj\lpc17xx_can.o
                0x000005c0                CAN_ModeConfig
 .text.CLKPWR_SetPCLKDiv
                0x000007a0       0x8c ..\obj\lpc17xx_clkpwr.o
                0x000007a0                CLKPWR_SetPCLKDiv
 .text.CLKPWR_GetPCLKSEL
                0x0000082c       0x4c ..\obj\lpc17xx_clkpwr.o
                0x0000082c                CLKPWR_GetPCLKSEL
 .text.CLKPWR_GetPCLK
                0x00000878       0x64 ..\obj\lpc17xx_clkpwr.o
                0x00000878                CLKPWR_GetPCLK
 .text.CLKPWR_ConfigPPWR
                0x000008dc       0x58 ..\obj\lpc17xx_clkpwr.o
                0x000008dc                CLKPWR_ConfigPPWR
 .text.SystemInit
                0x00000934      0x150 ..\obj\system_LPC17xx.o
                0x00000934                SystemInit
 .text.NVIC_EnableIRQ
                0x00000a84       0x30 ..\obj\main.o
 .text.main     0x00000ab4      0x100 ..\obj\main.o
                0x00000ab4                main
 .text.Init_System
                0x00000bb4       0x1c ..\obj\main.o
                0x00000bb4                Init_System
 .text.Init_LCD
                0x00000bd0       0x28 ..\obj\main.o
                0x00000bd0                Init_LCD
 .text.LCD_Initialausgabe
                0x00000bf8       0x2c ..\obj\main.o
                0x00000bf8                LCD_Initialausgabe
 .text.Init_I2C
                0x00000c24       0x4c ..\obj\main.o
                0x00000c24                Init_I2C
 .text.DS1621_Init
                0x00000c70      0x10c ..\obj\main.o
                0x00000c70                DS1621_Init
 .text.can_init
                0x00000d7c       0x94 ..\obj\main.o
                0x00000d7c                can_init
 .text.Timer0_DelayMs
                0x00000e10       0x5c ..\obj\main.o
                0x00000e10                Timer0_DelayMs
 .text.PrintChar
                0x00000e6c       0x18 ..\obj\printf.o
                0x00000e6c                PrintChar
 .text.PutChar  0x00000e84       0x20 ..\obj\printf.o
                0x00000e84                PutChar
 .text.PutString
                0x00000ea4       0x3c ..\obj\printf.o
                0x00000ea4                PutString
 .text.PutUnsignedInt
                0x00000ee0       0xa0 ..\obj\printf.o
                0x00000ee0                PutUnsignedInt
 .text.PutSignedInt
                0x00000f80       0xfc ..\obj\printf.o
                0x00000f80                PutSignedInt
 .text.PutHexa  0x0000107c       0xd4 ..\obj\printf.o
                0x0000107c                PutHexa
 .text.vsnprintf
                0x00001150      0x254 ..\obj\printf.o
                0x00001150                vsnprintf
 .text.vsprintf
                0x000013a4       0x24 ..\obj\printf.o
                0x000013a4                vsprintf
 .text.vfprintf
                0x000013c8       0x68 ..\obj\printf.o
                0x000013c8                vfprintf
 .text.vprintf  0x00001430       0x28 ..\obj\printf.o
                0x00001430                vprintf
 .text.printf   0x00001458       0x28 ..\obj\printf.o
                0x00001458                printf
 .text.fputc    0x00001480       0x40 ..\obj\printf.o
                0x00001480                fputc
 .text.fputs    0x000014c0       0x48 ..\obj\printf.o
                0x000014c0                fputs
 .text.Default_Reset_Handler
                0x00001508       0x60 ..\obj\startup_LPC17xx.o
                0x00001508                Default_Reset_Handler
                0x00001508                Reset_Handler
 .text.Default_Handler
                0x00001568        0x8 ..\obj\startup_LPC17xx.o
                0x00001568                TIMER2_IRQHandler
                0x00001568                DebugMon_Handler
                0x00001568                RIT_IRQHandler
                0x00001568                I2C0_IRQHandler
                0x00001568                HardFault_Handler
                0x00001568                SysTick_Handler
                0x00001568                USBActivity_IRQHandler
                0x00001568                PWM1_IRQHandler
                0x00001568                PendSV_Handler
                0x00001568                NMI_Handler
                0x00001568                I2C1_IRQHandler
                0x00001568                EINT2_IRQHandler
                0x00001568                UART1_IRQHandler
                0x00001568                EINT3_IRQHandler
                0x00001568                CANActivity_IRQHandler
                0x00001568                TIMER3_IRQHandler
                0x00001568                UART0_IRQHandler
                0x00001568                UsageFault_Handler
                0x00001568                PLL0_IRQHandler
                0x00001568                CAN_IRQHandler
                0x00001568                PLL1_IRQHandler
                0x00001568                SSP0_IRQHandler
                0x00001568                I2S_IRQHandler
                0x00001568                I2C2_IRQHandler
                0x00001568                RTC_IRQHandler
                0x00001568                TIMER0_IRQHandler
                0x00001568                SPI_IRQHandler
                0x00001568                EINT1_IRQHandler
                0x00001568                TIMER1_IRQHandler
                0x00001568                UART2_IRQHandler
                0x00001568                ADC_IRQHandler
                0x00001568                SSP1_IRQHandler
                0x00001568                USB_IRQHandler
                0x00001568                BOD_IRQHandler
                0x00001568                MemManage_Handler
                0x00001568                WDT_IRQHandler
                0x00001568                SVC_Handler
                0x00001568                QEI_IRQHandler
                0x00001568                EINT0_IRQHandler
                0x00001568                DMA_IRQHandler
                0x00001568                BusFault_Handler
                0x00001568                UART3_IRQHandler
                0x00001568                MCPWM_IRQHandler
                0x00001568                ENET_IRQHandler
 .text.check_failed
                0x00001570        0xc ..\obj\lpc17xx_libcfg_default.o
                0x00001570                check_failed
 .text.set_PinFunc
                0x0000157c       0x84 ..\obj\lpc17xx_pinsel.o
 .text.set_ResistorMode
                0x00001600       0x84 ..\obj\lpc17xx_pinsel.o
 .text.set_OpenDrainMode
                0x00001684       0x6c ..\obj\lpc17xx_pinsel.o
 .text.PINSEL_ConfigPin
                0x000016f0       0x50 ..\obj\lpc17xx_pinsel.o
                0x000016f0                PINSEL_ConfigPin
 .text.NVIC_EnableIRQ
                0x00001740       0x30 ..\obj\lpc17xx_i2c.o
 .text.NVIC_DisableIRQ
                0x00001770       0x34 ..\obj\lpc17xx_i2c.o
 .text.I2C_getNum
                0x000017a4       0x48 ..\obj\lpc17xx_i2c.o
 .text.I2C_Start
                0x000017ec       0x3c ..\obj\lpc17xx_i2c.o
 .text.I2C_Stop
                0x00001828       0x30 ..\obj\lpc17xx_i2c.o
 .text.I2C_SendByte
                0x00001858       0x4c ..\obj\lpc17xx_i2c.o
 .text.I2C_GetByte
                0x000018a4       0x54 ..\obj\lpc17xx_i2c.o
 .text.I2C_SetClock
                0x000018f8       0xa0 ..\obj\lpc17xx_i2c.o
 .text.I2C_Init
                0x00001998       0xa4 ..\obj\lpc17xx_i2c.o
                0x00001998                I2C_Init
 .text.I2C_Cmd  0x00001a3c       0x70 ..\obj\lpc17xx_i2c.o
                0x00001a3c                I2C_Cmd
 .text.I2C_IntCmd
                0x00001aac       0x84 ..\obj\lpc17xx_i2c.o
                0x00001aac                I2C_IntCmd
 .text.I2C_MasterTransferData
                0x00001b30      0x2d8 ..\obj\lpc17xx_i2c.o
                0x00001b30                I2C_MasterTransferData
 .text.WR_P1_01489_10_14_15
                0x00001e08       0xec ..\obj\lc798x.o
                0x00001e08                WR_P1_01489_10_14_15
 .text.DIR_P1_01489_10_14_15
                0x00001ef4      0x138 ..\obj\lc798x.o
                0x00001ef4                DIR_P1_01489_10_14_15
 .text.lcd_init_interface
                0x0000202c       0x40 ..\obj\lc798x.o
                0x0000202c                lcd_init_interface
 .text.lcd_write
                0x0000206c       0xd0 ..\obj\lc798x.o
                0x0000206c                lcd_write
 .text.lc798x_register
                0x0000213c       0x28 ..\obj\lc798x.o
                0x0000213c                lc798x_register
 .text.lc798x_wait_for_ready
                0x00002164       0xd0 ..\obj\lc798x.o
                0x00002164                lc798x_wait_for_ready
 .text.lcd_set_system
                0x00002234      0x14c ..\obj\lc798x.o
                0x00002234                lcd_set_system
 .text.lcd_set_layout
                0x00002380       0x2c ..\obj\lc798x.o
                0x00002380                lcd_set_layout
 .text.lcd_set_cursor
                0x000023ac       0x60 ..\obj\lc798x.o
                0x000023ac                lcd_set_cursor
 .text.lcd_newline
                0x0000240c       0x94 ..\obj\lc798x.o
                0x0000240c                lcd_newline
 .text.lcd_putchar
                0x000024a0       0x7c ..\obj\lc798x.o
                0x000024a0                lcd_putchar
 .text.lcd_clear_screen
                0x0000251c       0x74 ..\obj\lc798x.o
                0x0000251c                lcd_clear_screen
 .text.lcd_set_cursor_mode
                0x00002590       0x8c ..\obj\lc798x.o
                0x00002590                lcd_set_cursor_mode
 .text.lcd_control
                0x0000261c       0x44 ..\obj\lc798x.o
                0x0000261c                lcd_control
 *(.init)
 *(.fini)
 *crtbegin.o(.ctors)
 *crtbegin?.o(.ctors)
 *(EXCLUDE_FILE(*crtend.o *crtend?.o) .ctors)
 *(SORT(.ctors.*))
 *(.ctors)
 *crtbegin.o(.dtors)
 *crtbegin?.o(.dtors)
 *(EXCLUDE_FILE(*crtend.o *crtend?.o) .dtors)
 *(SORT(.dtors.*))
 *(.dtors)
 *(.rodata*)
 .rodata        0x00002660       0x64 ..\obj\lpc17xx_can.o
 .rodata        0x000026c4       0x5c ..\obj\main.o
 .rodata        0x00002720       0x24 ..\obj\printf.o
 .rodata        0x00002744       0x64 ..\obj\lpc17xx_i2c.o
 *(.eh_fram e*)

.glue_7         0x000027a8        0x0
 .glue_7        0x00000000        0x0 linker stubs

.glue_7t        0x000027a8        0x0
 .glue_7t       0x00000000        0x0 linker stubs

.vfp11_veneer   0x000027a8        0x0
 .vfp11_veneer  0x00000000        0x0 linker stubs

.v4_bx          0x000027a8        0x0
 .v4_bx         0x00000000        0x0 linker stubs

.iplt           0x000027a8        0x0
 .iplt          0x00000000        0x0 ..\obj\lpc17xx_can.o

.rel.dyn        0x000027a8        0x0
 .rel.iplt      0x00000000        0x0 ..\obj\lpc17xx_can.o

.ARM.extab
 *(.ARM.extab* .gnu.linkonce.armextab.*)
                0x000027a8                __exidx_start = .

.ARM.exidx
 *(.ARM.exidx* .gnu.linkonce.armexidx.*)
                0x000027a8                __exidx_end = .
                0x000027a8                __etext = .
                0x000027a8                _sidata = __etext

.data           0x10000000      0x438 load address 0x000027a8
                0x10000000                __data_start__ = .
                0x10000000                _sdata = __data_start__
 *(vtable)
 *(.data*)
 .data          0x10000000        0x4 ..\obj\system_LPC17xx.o
                0x10000000                SystemCoreClock
 *fill*         0x10000004        0x4 
 .data          0x10000008      0x430 ..\obj\printf.o
                0x10000008                r
                0x10000430                _impure_ptr
                0x10000438                . = ALIGN (0x4)
                0x10000438                PROVIDE (__preinit_array_start, .)
 *(.preinit_array)
                0x10000438                PROVIDE (__preinit_array_end, .)
                0x10000438                . = ALIGN (0x4)
                0x10000438                PROVIDE (__init_array_start, .)
 *(SORT(.init_array.*))
 *(.init_array)
                0x10000438                PROVIDE (__init_array_end, .)
                0x10000438                . = ALIGN (0x4)
                0x10000438                PROVIDE (__fini_array_start, .)
 *(SORT(.fini_array.*))
 *(.fini_array)
                0x10000438                PROVIDE (__fini_array_end, .)
 *(.jcr*)
                0x10000438                . = ALIGN (0x4)
                0x10000438                __data_end__ = .
                0x10000438                _edata = __data_end__

.igot.plt       0x10000438        0x0 load address 0x00002be0
 .igot.plt      0x00000000        0x0 ..\obj\lpc17xx_can.o

.bss            0x10000438       0x88 load address 0x00002be0
                0x10000438                . = ALIGN (0x4)
                0x10000438                __bss_start__ = .
                0x10000438                _sbss = __bss_start__
 *(.bss*)
 .bss           0x10000438       0x34 ..\obj\lpc17xx_i2c.o
 *(COMMON)
 COMMON         0x1000046c       0x44 ..\obj\main.o
                0x1000046c                transferMCfg
                0x10000498                Temperatur
                0x1000049c                Master_Buf
                0x100004a0                TXMsg
 COMMON         0x100004b0       0x10 ..\obj\lc798x.o
                0x100004b0                lcd_data
                0x100004c0                . = ALIGN (0x4)
                0x100004c0                __bss_end__ = .
                0x100004c0                _ebss = __bss_end__

.heap           0x100004c0        0x0
                0x100004c0                __end__ = .
                0x100004c0                _end = __end__
                0x100004c0                end = __end__
 *(.heap*)
                0x100004c0                __HeapLimit = .

.co_stack       0x100004c0      0x400 load address 0x00002c68
                0x100004c0                . = ALIGN (0x8)
 *(.co_stack .co_stack.*)
 .co_stack      0x100004c0      0x400 ..\obj\startup_LPC17xx.o
                0x100004c0                pulStack
                0x10008000                __StackTop = (ORIGIN (ram) + 0x8000)
                0x10007c00                __StackLimit = (__StackTop - SIZEOF (.co_stack))
                0x10008000                PROVIDE (__stack, __StackTop)
                0x00000001                ASSERT ((__StackLimit >= __HeapLimit), region ram  overflowed with stack)
LOAD ..\obj\lpc17xx_can.o
LOAD ..\obj\lpc17xx_clkpwr.o
LOAD ..\obj\system_LPC17xx.o
LOAD ..\obj\main.o
LOAD ..\obj\printf.o
LOAD ..\obj\startup_LPC17xx.o
LOAD ..\obj\lpc17xx_libcfg_default.o
LOAD ..\obj\lpc17xx_pinsel.o
LOAD ..\obj\lpc17xx_i2c.o
LOAD ..\obj\lc798x.o
START GROUP
LOAD c:/program files (x86)/gnu tools arm embedded/4.8 2014q3/bin/../lib/gcc/arm-none-eabi/4.8.4/armv7-m\libgcc.a
LOAD c:/program files (x86)/gnu tools arm embedded/4.8 2014q3/bin/../lib/gcc/arm-none-eabi/4.8.4/../../../../arm-none-eabi/lib/armv7-m\libg.a
LOAD c:/program files (x86)/gnu tools arm embedded/4.8 2014q3/bin/../lib/gcc/arm-none-eabi/4.8.4/../../../../arm-none-eabi/lib/armv7-m\libc.a
END GROUP
OUTPUT(TemperatureSensor_DS1621.elf elf32-littlearm)

.debug_info     0x00000000     0x5498
 .debug_info    0x00000000     0x10f5 ..\obj\lpc17xx_can.o
 .debug_info    0x000010f5      0x654 ..\obj\lpc17xx_clkpwr.o
 .debug_info    0x00001749      0x4b6 ..\obj\system_LPC17xx.o
 .debug_info    0x00001bff      0xdfc ..\obj\main.o
 .debug_info    0x000029fb      0xe45 ..\obj\printf.o
 .debug_info    0x00003840       0xe9 ..\obj\startup_LPC17xx.o
 .debug_info    0x00003929       0xd3 ..\obj\lpc17xx_libcfg_default.o
 .debug_info    0x000039fc      0x46e ..\obj\lpc17xx_pinsel.o
 .debug_info    0x00003e6a      0xd08 ..\obj\lpc17xx_i2c.o
 .debug_info    0x00004b72      0x926 ..\obj\lc798x.o

.debug_abbrev   0x00000000     0x1005
 .debug_abbrev  0x00000000      0x1e7 ..\obj\lpc17xx_can.o
 .debug_abbrev  0x000001e7      0x1c5 ..\obj\lpc17xx_clkpwr.o
 .debug_abbrev  0x000003ac      0x101 ..\obj\system_LPC17xx.o
 .debug_abbrev  0x000004ad      0x259 ..\obj\main.o
 .debug_abbrev  0x00000706      0x28f ..\obj\printf.o
 .debug_abbrev  0x00000995       0xa7 ..\obj\startup_LPC17xx.o
 .debug_abbrev  0x00000a3c       0x67 ..\obj\lpc17xx_libcfg_default.o
 .debug_abbrev  0x00000aa3      0x13c ..\obj\lpc17xx_pinsel.o
 .debug_abbrev  0x00000bdf      0x274 ..\obj\lpc17xx_i2c.o
 .debug_abbrev  0x00000e53      0x1b2 ..\obj\lc798x.o

.debug_aranges  0x00000000      0x448
 .debug_aranges
                0x00000000       0xb8 ..\obj\lpc17xx_can.o
 .debug_aranges
                0x000000b8       0x58 ..\obj\lpc17xx_clkpwr.o
 .debug_aranges
                0x00000110       0x28 ..\obj\system_LPC17xx.o
 .debug_aranges
                0x00000138       0x60 ..\obj\main.o
 .debug_aranges
                0x00000198       0xa0 ..\obj\printf.o
 .debug_aranges
                0x00000238       0x28 ..\obj\startup_LPC17xx.o
 .debug_aranges
                0x00000260       0x20 ..\obj\lpc17xx_libcfg_default.o
 .debug_aranges
                0x00000280       0x48 ..\obj\lpc17xx_pinsel.o
 .debug_aranges
                0x000002c8       0xd0 ..\obj\lpc17xx_i2c.o
 .debug_aranges
                0x00000398       0xb0 ..\obj\lc798x.o

.debug_ranges   0x00000000      0x3a8
 .debug_ranges  0x00000000       0xa8 ..\obj\lpc17xx_can.o
 .debug_ranges  0x000000a8       0x48 ..\obj\lpc17xx_clkpwr.o
 .debug_ranges  0x000000f0       0x18 ..\obj\system_LPC17xx.o
 .debug_ranges  0x00000108       0x50 ..\obj\main.o
 .debug_ranges  0x00000158       0x90 ..\obj\printf.o
 .debug_ranges  0x000001e8       0x18 ..\obj\startup_LPC17xx.o
 .debug_ranges  0x00000200       0x10 ..\obj\lpc17xx_libcfg_default.o
 .debug_ranges  0x00000210       0x38 ..\obj\lpc17xx_pinsel.o
 .debug_ranges  0x00000248       0xc0 ..\obj\lpc17xx_i2c.o
 .debug_ranges  0x00000308       0xa0 ..\obj\lc798x.o

.debug_line     0x00000000     0x2790
 .debug_line    0x00000000      0x9b7 ..\obj\lpc17xx_can.o
 .debug_line    0x000009b7      0x361 ..\obj\lpc17xx_clkpwr.o
 .debug_line    0x00000d18      0x22c ..\obj\system_LPC17xx.o
 .debug_line    0x00000f44      0x3c9 ..\obj\main.o
 .debug_line    0x0000130d      0x3b1 ..\obj\printf.o
 .debug_line    0x000016be       0xb8 ..\obj\startup_LPC17xx.o
 .debug_line    0x00001776      0x166 ..\obj\lpc17xx_libcfg_default.o
 .debug_line    0x000018dc      0x2f5 ..\obj\lpc17xx_pinsel.o
 .debug_line    0x00001bd1      0x6ca ..\obj\lpc17xx_i2c.o
 .debug_line    0x0000229b      0x4f5 ..\obj\lc798x.o

.debug_str      0x00000000     0x2168
 .debug_str     0x00000000      0xa2e ..\obj\lpc17xx_can.o
                                0xacd (size before relaxing)
 .debug_str     0x00000a2e      0x2c5 ..\obj\lpc17xx_clkpwr.o
                                0x440 (size before relaxing)
 .debug_str     0x00000cf3       0x7d ..\obj\system_LPC17xx.o
                                0x379 (size before relaxing)
 .debug_str     0x00000d70      0x657 ..\obj\main.o
                                0xa69 (size before relaxing)
 .debug_str     0x000013c7      0x4d2 ..\obj\printf.o
                                0x6ae (size before relaxing)
 .debug_str     0x00001899       0xc6 ..\obj\startup_LPC17xx.o
                                0x15d (size before relaxing)
 .debug_str     0x0000195f       0x79 ..\obj\lpc17xx_libcfg_default.o
                                0x1ae (size before relaxing)
 .debug_str     0x000019d8      0x24e ..\obj\lpc17xx_pinsel.o
                                0x413 (size before relaxing)
 .debug_str     0x00001c26      0x389 ..\obj\lpc17xx_i2c.o
                                0x8fa (size before relaxing)
 .debug_str     0x00001faf      0x1b9 ..\obj\lc798x.o
                                0x4f0 (size before relaxing)

.comment        0x00000000       0x70
 .comment       0x00000000       0x70 ..\obj\lpc17xx_can.o
                                 0x71 (size before relaxing)
 .comment       0x00000000       0x71 ..\obj\lpc17xx_clkpwr.o
 .comment       0x00000000       0x71 ..\obj\system_LPC17xx.o
 .comment       0x00000000       0x71 ..\obj\main.o
 .comment       0x00000000       0x71 ..\obj\printf.o
 .comment       0x00000000       0x71 ..\obj\startup_LPC17xx.o
 .comment       0x00000000       0x71 ..\obj\lpc17xx_libcfg_default.o
 .comment       0x00000000       0x71 ..\obj\lpc17xx_pinsel.o
 .comment       0x00000000       0x71 ..\obj\lpc17xx_i2c.o
 .comment       0x00000000       0x71 ..\obj\lc798x.o

.ARM.attributes
                0x00000000       0x33
 .ARM.attributes
                0x00000000       0x33 ..\obj\lpc17xx_can.o
 .ARM.attributes
                0x00000033       0x33 ..\obj\lpc17xx_clkpwr.o
 .ARM.attributes
                0x00000066       0x33 ..\obj\system_LPC17xx.o
 .ARM.attributes
                0x00000099       0x33 ..\obj\main.o
 .ARM.attributes
                0x000000cc       0x33 ..\obj\printf.o
 .ARM.attributes
                0x000000ff       0x33 ..\obj\startup_LPC17xx.o
 .ARM.attributes
                0x00000132       0x33 ..\obj\lpc17xx_libcfg_default.o
 .ARM.attributes
                0x00000165       0x33 ..\obj\lpc17xx_pinsel.o
 .ARM.attributes
                0x00000198       0x33 ..\obj\lpc17xx_i2c.o
 .ARM.attributes
                0x000001cb       0x33 ..\obj\lc798x.o

.debug_frame    0x00000000      0xd74
 .debug_frame   0x00000000      0x294 ..\obj\lpc17xx_can.o
 .debug_frame   0x00000294       0xe4 ..\obj\lpc17xx_clkpwr.o
 .debug_frame   0x00000378       0x40 ..\obj\system_LPC17xx.o
 .debug_frame   0x000003b8      0x118 ..\obj\main.o
 .debug_frame   0x000004d0      0x248 ..\obj\printf.o
 .debug_frame   0x00000718       0x48 ..\obj\startup_LPC17xx.o
 .debug_frame   0x00000760       0x2c ..\obj\lpc17xx_libcfg_default.o
 .debug_frame   0x0000078c       0xbc ..\obj\lpc17xx_pinsel.o
 .debug_frame   0x00000848      0x2d0 ..\obj\lpc17xx_i2c.o
 .debug_frame   0x00000b18      0x25c ..\obj\lc798x.o
